
Guille@DESKTOP-RKFMDNP MINGW64 ~/Desktop
$ pwd
/c/Users/Guille/Desktop

Guille@DESKTOP-RKFMDNP MINGW64 ~/Desktop
$ mkdir DH

Guille@DESKTOP-RKFMDNP MINGW64 ~/Desktop
$ cd DH

Guille@DESKTOP-RKFMDNP MINGW64 ~/Desktop/DH
$ mkdir Películas

Guille@DESKTOP-RKFMDNP MINGW64 ~/Desktop/DH
$ cd Películas/

Guille@DESKTOP-RKFMDNP MINGW64 ~/Desktop/DH/Películas
$ mkdir Infantiles Acción Terror Comedia Romanticas

Guille@DESKTOP-RKFMDNP MINGW64 ~/Desktop/DH/Películas
$ ls
Acción/  Comedia/  Infantiles/  Romanticas/  Terror/

Guille@DESKTOP-RKFMDNP MINGW64 ~/Desktop/DH/Películas
$ cd Infantiles

Guille@DESKTOP-RKFMDNP MINGW64 ~/Desktop/DH/Películas/Infantiles
$ touch intenzamente.txt "El juego del miedo.xls" "Rápido y furioso.pdf" Titanic.jpg

Guille@DESKTOP-RKFMDNP MINGW64 ~/Desktop/DH/Películas/Infantiles
$ ls
'El juego del miedo.xls'  'Rápido y furioso.pdf'   Titanic.jpg   intenzamente.txt

Guille@DESKTOP-RKFMDNP MINGW64 ~/Desktop/DH/Películas/Infantiles
$ cd ..

Guille@DESKTOP-RKFMDNP MINGW64 ~/Desktop/DH/Películas
$ cd Acción/

Guille@DESKTOP-RKFMDNP MINGW64 ~/Desktop/DH/Películas/Acción
$ touch "Smooth criminal.txt" "Diario de una pasion.js" "El Hexorcista.xls" Cars.jpg

Guille@DESKTOP-RKFMDNP MINGW64 ~/Desktop/DH/Películas/Acción
$ ls
 Cars.jpg  'Diario de una pasion.js'  'El Hexorcista.xls'  'Smooth criminal.txt'

Guille@DESKTOP-RKFMDNP MINGW64 ~/Desktop/DH/Películas/Acción
$ cd ..

Guille@DESKTOP-RKFMDNP MINGW64 ~/Desktop/DH/Películas
$ cd Terror/

Guille@DESKTOP-RKFMDNP MINGW64 ~/Desktop/DH/Películas/Terror
$ touch "La dama y el bagavundo.png" "Yo antes de ti.xls" "Que paso ayer.pdf" "We will rock you.js"

Guille@DESKTOP-RKFMDNP MINGW64 ~/Desktop/DH/Películas/Terror
$ ls
'La dama y el bagavundo.png'  'Que paso ayer.pdf'  'We will rock you.js'  'Yo antes de ti.xls'

Guille@DESKTOP-RKFMDNP MINGW64 ~/Desktop/DH/Películas/Terror
$ cd ..

Guille@DESKTOP-RKFMDNP MINGW64 ~/Desktop/DH/Películas
$ cd Comedia/

Guille@DESKTOP-RKFMDNP MINGW64 ~/Desktop/DH/Películas/Comedia
$ touch Madagaskar.js "Orgullo y prejuicio.txt" IT.xls "Mision imposible.png"

Guille@DESKTOP-RKFMDNP MINGW64 ~/Desktop/DH/Películas/Comedia
$ ls
 IT.xls   Madagaskar.js  'Mision imposible.png'  'Orgullo y prejuicio.txt'

Guille@DESKTOP-RKFMDNP MINGW64 ~/Desktop/DH/Películas/Comedia
$ cd ..

Guille@DESKTOP-RKFMDNP MINGW64 ~/Desktop/DH/Películas
$ cd Romanticas/

Guille@DESKTOP-RKFMDNP MINGW64 ~/Desktop/DH/Películas/Romanticas
$ touch Pocahontas.jpg Annabelle.js "Los vengadores.js" "La mascara.js"

Guille@DESKTOP-RKFMDNP MINGW64 ~/Desktop/DH/Películas/Romanticas
$ ls
 Annabelle.js  'La mascara.js'  'Los vengadores.js'   Pocahontas.jpg

Guille@DESKTOP-RKFMDNP MINGW64 ~/Desktop/DH/Películas/Romanticas
$ cd ..ç
bash: cd: ..ç: No such file or directory

Guille@DESKTOP-RKFMDNP MINGW64 ~/Desktop/DH/Películas/Romanticas
$ cd ..

Guille@DESKTOP-RKFMDNP MINGW64 ~/Desktop/DH/Películas
$ ls -R
.:
Acción/  Comedia/  Infantiles/  Romanticas/  Terror/

./Acción:
 Cars.jpg  'Diario de una pasion.js'  'El Hexorcista.xls'  'Smooth criminal.txt'

./Comedia:
 IT.xls   Madagaskar.js  'Mision imposible.png'  'Orgullo y prejuicio.txt'

./Infantiles:
'El juego del miedo.xls'  'Rápido y furioso.pdf'   Titanic.jpg   intenzamente.txt

./Romanticas:
 Annabelle.js  'La mascara.js'  'Los vengadores.js'   Pocahontas.jpg

./Terror:
'La dama y el bagavundo.png'  'Que paso ayer.pdf'  'We will rock you.js'  'Yo antes de ti.xls'

Guille@DESKTOP-RKFMDNP MINGW64 ~/Desktop/DH/Películas
$
