Guille@DESKTOP-RKFMDNP MINGW64 ~/Desktop/DH
$ cd Películas/

Guille@DESKTOP-RKFMDNP MINGW64 ~/Desktop/DH/Películas
$ mv ./Acción/Cars.jpg Infantiles

Guille@DESKTOP-RKFMDNP MINGW64 ~/Desktop/DH/Películas
$ mv ./Acción/el Hexorcista.xls Terror

Guille@DESKTOP-RKFMDNP MINGW64 ~/Desktop/DH/Películas
$ mv ./Acción/"El Hexorcista.xls" Terror 

Guille@DESKTOP-RKFMDNP MINGW64 ~/Desktop/DH/Películas
$ mv ./Acción/IT.xls Terror

Guille@DESKTOP-RKFMDNP MINGW64 ~/Desktop/DH/Películas
$ mv ./Comedia/IT.xls Terror

Guille@DESKTOP-RKFMDNP MINGW64 ~/Desktop/DH/Películas
$ mv ./Comedia/Madagaskar.js Infantiles/

Guille@DESKTOP-RKFMDNP MINGW64 ~/Desktop/DH/Películas
$ mv ./Comedia/Mision imposible.png Acción/

Guille@DESKTOP-RKFMDNP MINGW64 ~/Desktop/DH/Películas
$ mv ./Comedia/"Mision imposible.png" Acción/

Guille@DESKTOP-RKFMDNP MINGW64 ~/Desktop/DH/Películas
$ mv ./Acción/"Diario de una pasion.js" Romanticas 

Guille@DESKTOP-RKFMDNP MINGW64 ~/Desktop/DH/Películas
$ mv ./Infantiles/"El juego del miedo.xls" Terror

Guille@DESKTOP-RKFMDNP MINGW64 ~/Desktop/DH/Películas
$ mv ./Infantiles/"Rápido y furioso.pdf" Accion

Guille@DESKTOP-RKFMDNP MINGW64 ~/Desktop/DH/Películas
$ mv ./Infantiles/"Titanic.jpg" Romanticas/

Guille@DESKTOP-RKFMDNP MINGW64 ~/Desktop/DH/Películas
$ mv ./Romanticas/"la mascara.js" Comedia

Guille@DESKTOP-RKFMDNP MINGW64 ~/Desktop/DH/Películas
$ mv ./Romanticas/"los vengadores.js" Accion

Guille@DESKTOP-RKFMDNP MINGW64 ~/Desktop/DH/Películas
$ mv ./Romanticas/"Annabelle.js" Terror

Guille@DESKTOP-RKFMDNP MINGW64 ~/Desktop/DH/Películas
$ mv ./Terror/"la dama y el bagavundo.png" infantiles

Guille@DESKTOP-RKFMDNP MINGW64 ~/Desktop/DH/Películas
$ mv ./Terror/"Que paso ayer.pdf" Comedia/

Guille@DESKTOP-RKFMDNP MINGW64 ~/Desktop/DH/Películas
$ mv ./Terror/"Yo antes de ti.xls" Romanticas/

Guille@DESKTOP-RKFMDNP MINGW64 ~/Desktop/DH/Películas
$ cd ..

Guille@DESKTOP-RKFMDNP MINGW64 ~/Desktop/DH
$ mv ./Películas/Infantiles/"la dama y el bagavundo.png" ./Películas/Infantiles/"La dama y el vagabundo.png"

Guille@DESKTOP-RKFMDNP MINGW64 ~/Desktop/DH
$ mv ./Películas/Infantiles/"Madagaskar.js" ./Películas/Infantiles/"Madagascar.js"

Guille@DESKTOP-RKFMDNP MINGW64 ~/Desktop/DH
$ mv ./Películas/Terror/"el hexorcista.xls" ./Películas/Infantiles/"El Exorcista.xls"

Guille@DESKTOP-RKFMDNP MINGW64 ~/Desktop/DH
$ mv ./Películas/Terror/"el hexorcista.xls" ./Películas/Terror/"El Exorcista.xls"

Guille@DESKTOP-RKFMDNP MINGW64 ~/Desktop/DH
$ mv ./Películas/Infantiles/"el exorcista.xls" ./Películas/Terror/"El Exorcista.xls"

Guille@DESKTOP-RKFMDNP MINGW64 ~/Desktop/DH
$ rm -r ./Películas/Acción/"Smooth criminal.txt"

Guille@DESKTOP-RKFMDNP MINGW64 ~/Desktop/DH
$ rm -r ./Películas/Terror/"We will rock you.js"
